producer_class	xtools.gsea.Gsea
producer_timestamp	1741205263659
param	zip_report	false
param	num	100
param	scoring_scheme	weighted
param	norm	meandiv
param	out	/home/antony/gsea_home/output/mar05
param	mode	Max_probe
param	include_only_symbols	true
param	set_max	500
param	gmx	/ifs/scratch/cancer/Lab_RDF/ngs/rna_seq/projects/laura/mouse/cbp_rh/exp2_paper/cfl_dlbcl/gsea/v2/Genelists_for_GSEA_primarytumors_human.gmx
param	plot_top_x	20
param	nperm	1000
param	order	descending
param	rpt_label	gcb_dlbcl_missense_vs_truncating_v2
param	rnd_seed	timestamp
param	set_min	15
param	res	/ifs/scratch/cancer/Lab_RDF/ngs/rna_seq/data/human/other_labs/bcca_cfl_dlbcl_2023/expr_wide_vst_gene_symbol.gct
param	cls	/ifs/scratch/cancer/Lab_RDF/ngs/rna_seq/data/human/other_labs/bcca_cfl_dlbcl_2023/gcb_v2.cls#DLBCL-missense_versus_DLBCL-Truncating
param	sort	real
param	help	false
param	save_rnd_lists	false
param	median	false
param	metric	Signal2Noise
param	make_sets	true
param	rnd_type	no_balance
param	gui	false
param	permute	gene_set
param	collapse	false

file	/home/antony/gsea_home/output/mar05/gcb_dlbcl_missense_vs_truncating_v2.Gsea.1741205263659/index.html
